// Vitest Snapshot v1

exports[`renders app 1`] = `
<div>
  <div
    class="pb-40 flex w-full component-preview p-4 items-center justify-center gap-2 font-sans"
  >
    <div
      aria-label="Navbar"
      class="navbar bg-base-100 shadow-xl rounded-box"
      role="navigation"
    >
      <div
        class="flex-1 navbar-start"
      >
        <div
          class="dropdown"
          role="listbox"
        >
          <label
            tabindex="0"
          >
            <button
              class="btn lg:hidden btn-ghost"
              tabindex="0"
            >
              <svg
                class="h-5 w-5"
                fill="none"
                stroke="currentColor"
                viewBox="0 0 24 24"
                xmlns="http://www.w3.org/2000/svg"
              >
                <path
                  d="M4 6h16M4 12h8m-8 6h16"
                  stroke-linecap="round"
                  stroke-linejoin="round"
                  stroke-width="2"
                />
              </svg>
            </button>
            <ul
              class="dropdown-content menu p-2 shadow bg-base-100 rounded-box w-52 menu-compact mt-3"
              tabindex="0"
            >
              <a
                href="/"
              >
                <li>
                  <a>
                    Home
                  </a>
                </li>
              </a>
              <a
                href="/flights"
              >
                <li>
                  <a>
                    My Flights
                  </a>
                </li>
              </a>
              <a
                href="/data"
              >
                <li>
                  <a>
                    Data
                  </a>
                </li>
              </a>
            </ul>
          </label>
          <ul
            class="dropdown-content"
          />
        </div>
        <a
          class="btn btn-ghost normal-case text-xl"
          href="/"
        >
          FlightLogger
        </a>
      </div>
      <div
        class="hidden lg:flex navbar-center"
      >
        <ul
          class="menu p-0 menu-horizontal"
          role="menu"
        >
          <li
            class=""
            role="menuitem"
          >
            <a
              aria-current="page"
              class="active"
              href="/"
            >
              Home
            </a>
          </li>
          <li
            class=""
            role="menuitem"
          >
            <a
              class=""
              href="/flights"
            >
              My Flights
            </a>
          </li>
          <li
            class=""
            role="menuitem"
          >
            <a
              class=""
              href="/data"
            >
              Data
            </a>
          </li>
        </ul>
      </div>
      <div
        class="flex-1 navbar-end"
      >
        <a
          class="btn"
          href="/add-flight"
        >
          Add Flight
        </a>
      </div>
    </div>
  </div>
</div>
`;
