// Vitest Snapshot v1

exports[`<App /> > renders login page 1`] = `
<div>
  <div
    class="hero bg-base-200 min-h-screen"
    role="banner"
  >
    <div
      class="hero-content flex-col lg:flex-row"
    >
      <div
        class="text-center lg:text-left"
      >
        <div
          class="font-title text-primary inline-flex text-lg transition-all duration-200 md:text-5xl"
        >
          <span>
            Flight
          </span>
           
          <span
            class="text-base-content"
          >
            Logger
          </span>
        </div>
        <p
          class="py-6"
        >
          Welcome! Please choose a login method to get started
        </p>
      </div>
      <div
        aria-label="Card"
        class="card flex-shrink-0 w-full max-w-sm shadow-2xl bg-base-100 mx-10 card-bordered"
      >
        <div
          class="card-body"
        >
          <div
            class="h-[55px] w-[318px]"
          >
            <div
              style="height: 40px;"
            />
          </div>
          <div
            class="divider"
            role="separator"
          >
            OR
          </div>
          <form>
            <fieldset>
              <form
                class="form-control"
                role="form"
              >
                <label
                  class="label"
                >
                  <span
                    class="label-text cursor-pointer"
                  >
                    Email
                  </span>
                </label>
                <input
                  autocomplete="email"
                  class="input input-bordered input-ghost focus:outline-offset-0 input-bordered"
                  name="email"
                  placeholder="Email"
                  value=""
                />
              </form>
              <form
                class="form-control"
                role="form"
              >
                <label
                  class="label"
                >
                  <span
                    class="label-text cursor-pointer"
                  >
                    Password
                  </span>
                </label>
                <input
                  autocomplete="current-password"
                  class="input input-bordered input-ghost focus:outline-offset-0 input-bordered"
                  name="password"
                  placeholder="Password"
                  type="password"
                  value=""
                />
                <label
                  class="label"
                >
                  <a
                    class="link label-text-alt link-hover"
                  >
                    Forgot password?
                  </a>
                  <a
                    class="link label-text-alt link-hover"
                  >
                    Register
                  </a>
                </label>
              </form>
            </fieldset>
            <form
              class="form-control mt-6"
              role="form"
            >
              <button
                class="btn"
                type="submit"
              >
                Login
              </button>
            </form>
          </form>
        </div>
      </div>
    </div>
    <div
      class="fixed top-0 right-0 p-2 z-0"
    />
  </div>
</div>
`;

exports[`<App /> > renders profile page 1`] = `
<div>
  <div
    class="hero bg-base-200 min-h-screen"
    role="banner"
  >
    <div
      class="hero-content flex-col lg:flex-row"
    >
      <div
        class="text-center lg:text-left"
      >
        <div
          class="font-title text-primary inline-flex text-lg transition-all duration-200 md:text-5xl"
        >
          <span>
            Flight
          </span>
           
          <span
            class="text-base-content"
          >
            Logger
          </span>
        </div>
        <p
          class="py-6"
        >
          Welcome! Please choose a login method to get started
        </p>
      </div>
      <div
        aria-label="Card"
        class="card flex-shrink-0 w-full max-w-sm shadow-2xl bg-base-100 mx-10 card-bordered"
      >
        <div
          class="card-body"
        >
          <div
            class="h-[55px] w-[318px]"
          >
            <div
              style="height: 40px;"
            />
          </div>
          <div
            class="divider"
            role="separator"
          >
            OR
          </div>
          <form>
            <fieldset>
              <form
                class="form-control"
                role="form"
              >
                <label
                  class="label"
                >
                  <span
                    class="label-text cursor-pointer"
                  >
                    Email
                  </span>
                </label>
                <input
                  autocomplete="email"
                  class="input input-bordered input-ghost focus:outline-offset-0 input-bordered"
                  name="email"
                  placeholder="Email"
                  value=""
                />
              </form>
              <form
                class="form-control"
                role="form"
              >
                <label
                  class="label"
                >
                  <span
                    class="label-text cursor-pointer"
                  >
                    Password
                  </span>
                </label>
                <input
                  autocomplete="current-password"
                  class="input input-bordered input-ghost focus:outline-offset-0 input-bordered"
                  name="password"
                  placeholder="Password"
                  type="password"
                  value=""
                />
                <label
                  class="label"
                >
                  <a
                    class="link label-text-alt link-hover"
                  >
                    Forgot password?
                  </a>
                  <a
                    class="link label-text-alt link-hover"
                  >
                    Register
                  </a>
                </label>
              </form>
            </fieldset>
            <form
              class="form-control mt-6"
              role="form"
            >
              <button
                class="btn"
                type="submit"
              >
                Login
              </button>
            </form>
          </form>
        </div>
      </div>
    </div>
    <div
      class="fixed top-0 right-0 p-2 z-0"
    />
  </div>
</div>
`;
